[debug] [2026-10-02T01:44:55.936Z] ----------------------------------------------------------------------
[debug] [2026-10-02T01:44:55.939Z] Command:       C:\Program Files\nodejs\node.exe C:\Users\estro\AppData\Roaming\npm\node_modules\firebase-tools\lib\bin\firebase.js projects:list
[debug] [2026-10-02T01:44:55.940Z] CLI Version:   14.5.1
[debug] [2026-10-02T01:44:55.940Z] Platform:      win32
[debug] [2026-10-02T01:44:55.940Z] Node Version:  v22.14.0
[debug] [2026-10-02T01:44:55.940Z] Time:          Thu Oct 01 2026 22:44:55 GMT-0300 (hora de verano de Chile)
[debug] [2026-10-02T01:44:55.940Z] ----------------------------------------------------------------------
[debug] 
[debug] [2026-10-02T01:44:55.943Z] >>> [apiv2][query] GET https://firebase-public.firebaseio.com/cli.json [none]
[debug] [2026-10-02T01:44:56.027Z] > command requires scopes: ["email","openid","https://www.googleapis.com/auth/cloudplatformprojects.readonly","https://www.googleapis.com/auth/firebase","https://www.googleapis.com/auth/cloud-platform"]
[debug] [2026-10-02T01:44:56.027Z] > authorizing via signed-in user (ferrecletreros@ferrecletreros.cl)
[debug] [2026-10-02T01:44:56.030Z] Checked if tokens are valid: false, expires at: 1787871643869
[debug] [2026-10-02T01:44:56.030Z] Checked if tokens are valid: false, expires at: 1787871643869
[debug] [2026-10-02T01:44:56.030Z] > refreshing access token with scopes: []
[debug] [2026-10-02T01:44:56.031Z] >>> [apiv2][query] POST https://www.googleapis.com/oauth2/v3/token [none]
[debug] [2026-10-02T01:44:56.031Z] >>> [apiv2][body] POST https://www.googleapis.com/oauth2/v3/token [omitted]
[debug] [2026-10-02T01:44:56.144Z] <<< [apiv2][status] POST https://www.googleapis.com/oauth2/v3/token 400
[debug] [2026-10-02T01:44:56.144Z] <<< [apiv2][body] POST https://www.googleapis.com/oauth2/v3/token [omitted]
[error] Authentication Error: Your credentials are no longer valid. Please run firebase login --reauth

For CI servers and headless environments, generate a new token with firebase login:ci
[error] Authentication Error: Your credentials are no longer valid. Please run firebase login --reauth

For CI servers and headless environments, generate a new token with firebase login:ci
[debug] [2026-10-02T01:44:56.145Z] Authentication Error: Your credentials are no longer valid. Please run firebase login --reauth

For CI servers and headless environments, generate a new token with firebase login:ci
[debug] [2026-10-02T01:44:56.207Z] FirebaseError: Authentication Error: Your credentials are no longer valid. Please run firebase login --reauth

For CI servers and headless environments, generate a new token with firebase login:ci
    at invalidCredentialError (C:\Users\estro\AppData\Roaming\npm\node_modules\firebase-tools\lib\auth.js:167:12)
    at refreshTokens (C:\Users\estro\AppData\Roaming\npm\node_modules\firebase-tools\lib\auth.js:556:15)
    at process.processTicksAndRejections (node:internal/process/task_queues:105:5)
    at async getAccessToken (C:\Users\estro\AppData\Roaming\npm\node_modules\firebase-tools\lib\apiv2.js:42:18)
    at async Client.addAuthHeader (C:\Users\estro\AppData\Roaming\npm\node_modules\firebase-tools\lib\apiv2.js:169:21)
    at async Client.request (C:\Users\estro\AppData\Roaming\npm\node_modules\firebase-tools\lib\apiv2.js:120:34)
    at async getProjectPage (C:\Users\estro\AppData\Roaming\npm\node_modules\firebase-tools\lib\management\projects.js:253:17)
    at async getFirebaseProjectPage (C:\Users\estro\AppData\Roaming\npm\node_modules\firebase-tools\lib\management\projects.js:270:23)
    at async listFirebaseProjects (C:\Users\estro\AppData\Roaming\npm\node_modules\firebase-tools\lib\management\projects.js:301:29)
    at async Command.actionFn (C:\Users\estro\AppData\Roaming\npm\node_modules\firebase-tools\lib\commands\projects-list.js:51:20)
[error] 
[error] Error: Failed to list Firebase projects. See firebase-debug.log for more info.
[debug] [2026-10-02T01:44:56.395Z] <<< [apiv2][status] GET https://firebase-public.firebaseio.com/cli.json 200
[debug] [2026-10-02T01:44:56.395Z] <<< [apiv2][body] GET https://firebase-public.firebaseio.com/cli.json {"cloudBuildErrorAfter":1594252800000,"cloudBuildWarnAfter":1590019200000,"defaultNode10After":1594252800000,"minVersion":"3.0.5","node8DeploysDisabledAfter":1613390400000,"node8RuntimeDisabledAfter":1615809600000,"node8WarnAfter":1600128000000}
